Traceback (most recent call last):
  File "C:\Users\acer\Desktop\supermarket_ai\app.py", line 12, in <module>
    app = create_app()
  File "C:\Users\acer\Desktop\supermarket_ai\asset_management\backend\app.py", line 30, in create_app
    from backend.api.routes.assets import assets_bp
  File "C:\Users\acer\Desktop\supermarket_ai\asset_management\backend\api\routes\assets.py", line 5, in <module>
    from backend.api.utils.schemas import asset_schema, assets_schema
  File "C:\Users\acer\Desktop\supermarket_ai\asset_management\backend\api\utils\schemas.py", line 31, in <module>
    asset_schema = AssetSchema()
  File "C:\Users\acer\Desktop\supermarket_ai\venv\Lib\site-packages\marshmallow_sqlalchemy\load_instance_mixin.py", line 46, in __init__
    super().__init__(*args, **kwargs)
    ~~~~~~~~~~~~~~~~^^^^^^^^^^^^^^^^^
  File "C:\Users\acer\Desktop\supermarket_ai\venv\Lib\site-packages\marshmallow\schema.py", line 442, in __init__
    self._init_fields()
    ~~~~~~~~~~~~~~~~~^^
  File "C:\Users\acer\Desktop\supermarket_ai\venv\Lib\site-packages\marshmallow\schema.py", line 1045, in _init_fields
    raise ValueError(
    ...<4 lines>...
    )
ValueError: The attribute argument for one or more fields collides with another field's name or attribute argument. Check the following field names and attribute arguments: ['purchase_cost']
